// Jest Snapshot v1, https://goo.gl/fbAQLP

exports[`Check snapshot 1`] = `
ShallowWrapper {
  Symbol(enzyme.__root__): [Circular],
  Symbol(enzyme.__unrendered__): <Layout>
    Hello world!
</Layout>,
  Symbol(enzyme.__renderer__): Object {
    "batchedUpdates": [Function],
    "getNode": [Function],
    "render": [Function],
    "simulateError": [Function],
    "simulateEvent": [Function],
    "unmount": [Function],
  },
  Symbol(enzyme.__node__): Object {
    "instance": null,
    "key": undefined,
    "nodeType": "function",
    "props": Object {
      "children": "Hello world!",
    },
    "ref": null,
    "rendered": "Hello world!",
    "type": Object {
      "$$typeof": Symbol(react.forward_ref),
      "attrs": undefined,
      "componentStyle": ComponentStyle {
        "componentId": "sc-bdVaJa",
        "isStatic": true,
        "rules": Array [
          "
  font-family: sans-serif;
  background: rgb(0, 0, 0);
  box-sizing: border-box;
  min-height: 100vh;
  text-align: center;
  display: grid;
  grid-gap: 20px;
  grid-template-columns: repeat(4, 1fr);
  grid-template-rows: repeat(2, 1fr);
  @media (max-width: 850px) {
    grid-template-columns: repeat(2, 1fr);
    grid-template-rows: repeat(4, 1fr);
  }
  @media (max-width: 450px) {
    grid-template-columns: repeat(1, 1fr);
    grid-template-rows: repeat(8, 1fr);
  }
",
        ],
      },
      "displayName": "styled.div",
      "render": [Function],
      "styledComponentId": "sc-bdVaJa",
      "target": "div",
      "toString": [Function],
      "warnTooManyClasses": [Function],
      "withComponent": [Function],
    },
  },
  Symbol(enzyme.__nodes__): Array [
    Object {
      "instance": null,
      "key": undefined,
      "nodeType": "function",
      "props": Object {
        "children": "Hello world!",
      },
      "ref": null,
      "rendered": "Hello world!",
      "type": Object {
        "$$typeof": Symbol(react.forward_ref),
        "attrs": undefined,
        "componentStyle": ComponentStyle {
          "componentId": "sc-bdVaJa",
          "isStatic": true,
          "rules": Array [
            "
  font-family: sans-serif;
  background: rgb(0, 0, 0);
  box-sizing: border-box;
  min-height: 100vh;
  text-align: center;
  display: grid;
  grid-gap: 20px;
  grid-template-columns: repeat(4, 1fr);
  grid-template-rows: repeat(2, 1fr);
  @media (max-width: 850px) {
    grid-template-columns: repeat(2, 1fr);
    grid-template-rows: repeat(4, 1fr);
  }
  @media (max-width: 450px) {
    grid-template-columns: repeat(1, 1fr);
    grid-template-rows: repeat(8, 1fr);
  }
",
          ],
        },
        "displayName": "styled.div",
        "render": [Function],
        "styledComponentId": "sc-bdVaJa",
        "target": "div",
        "toString": [Function],
        "warnTooManyClasses": [Function],
        "withComponent": [Function],
      },
    },
  ],
  Symbol(enzyme.__options__): Object {
    "adapter": ReactSixteenAdapter {
      "options": Object {
        "enableComponentDidUpdateOnSetState": true,
        "lifecycles": Object {
          "componentDidUpdate": Object {
            "onSetState": true,
          },
          "getDerivedStateFromProps": true,
          "getSnapshotBeforeUpdate": true,
          "setState": Object {
            "skipsComponentDidUpdateOnNullish": true,
          },
        },
      },
    },
  },
}
`;
